
> nextn@0.1.0 build
> cross-env NODE_ENV=production next build

   Γû▓ Next.js 15.5.9
   - Environments: .env.local

   Creating an optimized production build ...
